COMPILATION ERROR: executable_semantics/testdata/class_field_missing.carbon:11: type error in call
expected: (x = i32, y = i32)
actual: (x = i32)
EXIT CODE: 255
