PROGRAM ERROR: 5: positional members must come before named members
EXIT CODE: 255
