RUNTIME ERROR: 8: could not find `y`
EXIT CODE: 255
