COMPILATION ERROR: executable_semantics/testdata/import_late.carbon:11: syntax error, unexpected IMPORT, expecting END_OF_FILE
EXIT CODE: 255
