COMPILATION ERROR: executable_semantics/testdata/package_required.carbon:5: syntax error, unexpected FN, expecting PACKAGE
EXIT CODE: 255
