COMPILATION ERROR: 5: syntax error, unexpected AUTO
EXIT CODE: 255
