COMPILATION ERROR: executable_semantics/testdata/return_empty_implicit_fail1.carbon:8: control-flow reaches end of function that provides a `->` return type without reaching a return statement
EXIT CODE: 255
