COMPILATION ERROR: 6: Invalid escaping in string: "str\x"
EXIT CODE: 255
