COMPILATION ERROR: 6: Invalid escaping in string: "str\e"
EXIT CODE: 255
