COMPILATION ERROR: 11: type error in call
expected: (x = Int, y = Int)
actual: (x = Int)
EXIT CODE: 255
